printInt:
main:
   esr 0
   iload_0
   iloadc_0
   ireturn

